http://hgdownload.cse.ucsc.edu/goldenPath/hg19/encodeDCC/wgEncodeBroadHistone/wgEncodeBroadHistoneK562ControlStdRawDataRep1.fastq.gz
http://hgdownload.cse.ucsc.edu/goldenPath/hg19/encodeDCC/wgEncodeBroadHistone/wgEncodeBroadHistoneK562CtcfStdRawDataRep1.fastq.gz
http://hgdownload.cse.ucsc.edu/goldenPath/hg19/encodeDCC/wgEncodeBroadHistone/wgEncodeBroadHistoneK562CtcfStdRawDataRep2.fastq.gz
http://hgdownload.cse.ucsc.edu/goldenPath/hg19/encodeDCC/wgEncodeBroadHistone/wgEncodeBroadHistoneK562H3k27me3StdRawDataRep1.fastq.gz
http://hgdownload.cse.ucsc.edu/goldenPath/hg19/encodeDCC/wgEncodeBroadHistone/wgEncodeBroadHistoneK562H3k27me3StdRawDataRep2.fastq.gz
http://hgdownload.cse.ucsc.edu/goldenPath/hg19/encodeDCC/wgEncodeBroadHistone/wgEncodeBroadHistoneK562Hdac6a301341aRawDataRep1.fastq.gz
http://hgdownload.cse.ucsc.edu/goldenPath/hg19/encodeDCC/wgEncodeBroadHistone/wgEncodeBroadHistoneK562Hdac6a301341aRawDataRep2.fastq.gz
http://hgdownload.cse.ucsc.edu/goldenPath/hg19/encodeDCC/wgEncodeHaibTfbs/wgEncodeHaibTfbsK562CtcfcPcr1xRawDataRep1.fastq.gz
http://hgdownload.cse.ucsc.edu/goldenPath/hg19/encodeDCC/wgEncodeHaibTfbs/wgEncodeHaibTfbsK562CtcfcPcr1xRawDataRep2.fastq.gz
http://hgdownload.cse.ucsc.edu/goldenPath/hg19/encodeDCC/wgEncodeHaibTfbs/wgEncodeHaibTfbsK562Ctcflsc98982V0416101RawDataRep1.fastq.gz
http://hgdownload.cse.ucsc.edu/goldenPath/hg19/encodeDCC/wgEncodeHaibTfbs/wgEncodeHaibTfbsK562Ctcflsc98982V0416101RawDataRep2.fastq.gz
http://hgdownload.cse.ucsc.edu/goldenPath/hg19/encodeDCC/wgEncodeHaibTfbs/wgEncodeHaibTfbsK562RxlchPcr1xRawDataRep3.fastq.gz
http://hgdownload.cse.ucsc.edu/goldenPath/hg19/encodeDCC/wgEncodeHaibTfbs/wgEncodeHaibTfbsK562RxlchPcr1xRawDataRep4.fastq.gz
http://hgdownload.cse.ucsc.edu/goldenPath/hg19/encodeDCC/wgEncodeHaibTfbs/wgEncodeHaibTfbsK562RxlchV0416101RawDataRep1.fastq.gz
http://hgdownload.cse.ucsc.edu/goldenPath/hg19/encodeDCC/wgEncodeHaibTfbs/wgEncodeHaibTfbsK562RxlchV0416101RawDataRep2.fastq.gz
http://hgdownload.cse.ucsc.edu/goldenPath/hg19/encodeDCC/wgEncodeHaibTfbs/wgEncodeHaibTfbsK562RxlchV0422111RawDataRep1.fastq.gz
http://hgdownload.cse.ucsc.edu/goldenPath/hg19/encodeDCC/wgEncodeHaibTfbs/wgEncodeHaibTfbsK562RxlchV0422111RawDataRep3.fastq.gz
http://hgdownload.cse.ucsc.edu/goldenPath/hg19/encodeDCC/wgEncodeHaibTfbs/wgEncodeHaibTfbsK562RxlchV0422111RawDataRep4.fastq.gz
http://hgdownload.cse.ucsc.edu/goldenPath/hg19/encodeDCC/wgEncodeHaibTfbs/wgEncodeHaibTfbsK562RxlchV2RawDataRep2.fastq.gz
http://hgdownload.cse.ucsc.edu/goldenPath/hg19/encodeDCC/wgEncodeHaibTfbs/wgEncodeSydhTfbsK562Ifna30InputRawData.fastq.gz
http://hgdownload.cse.ucsc.edu/goldenPath/hg19/encodeDCC/wgEncodeHaibTfbs/wgEncodeSydhTfbsK562Ifna6hInputRawData.fastq.gz
http://hgdownload.cse.ucsc.edu/goldenPath/hg19/encodeDCC/wgEncodeHaibTfbs/wgEncodeSydhTfbsK562Ifng30InputRawData.fastq.gz
http://hgdownload.cse.ucsc.edu/goldenPath/hg19/encodeDCC/wgEncodeOpenChromChip/wgEncodeOpenChromChipK562CtcfRawDataRep1.fastq.gz
http://hgdownload.cse.ucsc.edu/goldenPath/hg19/encodeDCC/wgEncodeOpenChromChip/wgEncodeOpenChromChipK562CtcfRawDataRep2.fastq.gz
http://hgdownload.cse.ucsc.edu/goldenPath/hg19/encodeDCC/wgEncodeOpenChromChip/wgEncodeOpenChromChipK562CtcfRawDataRep3.fastq.gz
http://hgdownload.cse.ucsc.edu/goldenPath/hg19/encodeDCC/wgEncodeOpenChromChip/wgEncodeOpenChromChipK562InputRawData.fastq.gz
http://hgdownload.cse.ucsc.edu/goldenPath/hg19/encodeDCC/wgEncodeSydhHistone/wgEncodeSydhHistoneK562H3k27me3bUcdRawDataRep1.fastq.gz
http://hgdownload.cse.ucsc.edu/goldenPath/hg19/encodeDCC/wgEncodeSydhHistone/wgEncodeSydhHistoneK562H3k27me3bUcdRawDataRep2.fastq.gz
http://hgdownload.cse.ucsc.edu/goldenPath/hg19/encodeDCC/wgEncodeSydhHistone/wgEncodeSydhHistoneK562InputUcdRawData.fastq.gz
http://hgdownload.cse.ucsc.edu/goldenPath/hg19/encodeDCC/wgEncodeSydhTfbs/wgEncodeSydhTfbsK562CtcfbIggrabRawDataRep1.fastq
http://hgdownload.cse.ucsc.edu/goldenPath/hg19/encodeDCC/wgEncodeSydhTfbs/wgEncodeSydhTfbsK562CtcfbIggrabRawDataRep2.fastq
http://hgdownload.cse.ucsc.edu/goldenPath/hg19/encodeDCC/wgEncodeSydhTfbs/wgEncodeSydhTfbsK562Ifng6hInputRawData.fastq.gz
http://hgdownload.cse.ucsc.edu/goldenPath/hg19/encodeDCC/wgEncodeSydhTfbs/wgEncodeSydhTfbsK562InputIggrabRawData.fastq.gz
http://hgdownload.cse.ucsc.edu/goldenPath/hg19/encodeDCC/wgEncodeSydhTfbs/wgEncodeSydhTfbsK562InputRawData.fastq.gz
http://hgdownload.cse.ucsc.edu/goldenPath/hg19/encodeDCC/wgEncodeSydhTfbs/wgEncodeSydhTfbsK562InputV2RawDataRep1.fastq.gz
http://hgdownload.cse.ucsc.edu/goldenPath/hg19/encodeDCC/wgEncodeSydhTfbs/wgEncodeSydhTfbsK562InputV2RawDataRep2.fastq.gz
http://hgdownload.cse.ucsc.edu/goldenPath/hg19/encodeDCC/wgEncodeUchicagoTfbs/wgEncodeUchicagoTfbsK562InputControlfosRawDataRep1.fastq.gz
http://hgdownload.cse.ucsc.edu/goldenPath/hg19/encodeDCC/wgEncodeUchicagoTfbs/wgEncodeUchicagoTfbsK562InputControlgata2RawDataRep1.fastq.gz
http://hgdownload.cse.ucsc.edu/goldenPath/hg19/encodeDCC/wgEncodeUchicagoTfbs/wgEncodeUchicagoTfbsK562InputControlgata2RawDataRep2.fastq.gz
http://hgdownload.cse.ucsc.edu/goldenPath/hg19/encodeDCC/wgEncodeUchicagoTfbs/wgEncodeUchicagoTfbsK562InputControlhdac8RawDataRep1.fastq.gz
http://hgdownload.cse.ucsc.edu/goldenPath/hg19/encodeDCC/wgEncodeUchicagoTfbs/wgEncodeUchicagoTfbsK562InputControlhdac8RawDataRep2.fastq.gz
http://hgdownload.cse.ucsc.edu/goldenPath/hg19/encodeDCC/wgEncodeUchicagoTfbs/wgEncodeUchicagoTfbsK562InputControljunbRawDataRep1.fastq.gz
http://hgdownload.cse.ucsc.edu/goldenPath/hg19/encodeDCC/wgEncodeUchicagoTfbs/wgEncodeUchicagoTfbsK562InputControljunbRawDataRep2.fastq.gz
http://hgdownload.cse.ucsc.edu/goldenPath/hg19/encodeDCC/wgEncodeUchicagoTfbs/wgEncodeUchicagoTfbsK562InputControljundRawDataRep1.fastq.gz
http://hgdownload.cse.ucsc.edu/goldenPath/hg19/encodeDCC/wgEncodeUchicagoTfbs/wgEncodeUchicagoTfbsK562InputControljundRawDataRep2.fastq.gz
http://hgdownload.cse.ucsc.edu/goldenPath/hg19/encodeDCC/wgEncodeUchicagoTfbs/wgEncodeUchicagoTfbsK562InputControljundRawDataRep3.fastq.gz
http://hgdownload.cse.ucsc.edu/goldenPath/hg19/encodeDCC/wgEncodeUchicagoTfbs/wgEncodeUchicagoTfbsK562InputControlnr4a1RawDataRep1.fastq.gz
http://hgdownload.cse.ucsc.edu/goldenPath/hg19/encodeDCC/wgEncodeUchicagoTfbs/wgEncodeUchicagoTfbsK562InputControlnr4a1RawDataRep2.fastq.gz
http://hgdownload.cse.ucsc.edu/goldenPath/hg19/encodeDCC/wgEncodeUwHistone/wgEncodeUwHistoneK562H3k27me3StdRawDataRep1.fastq.gz
http://hgdownload.cse.ucsc.edu/goldenPath/hg19/encodeDCC/wgEncodeUwHistone/wgEncodeUwHistoneK562InputStdRawDataRep1.fastq.gz
http://hgdownload.cse.ucsc.edu/goldenPath/hg19/encodeDCC/wgEncodeUwTfbs/wgEncodeUwTfbsK562CtcfStdRawDataRep1.fastq.gz
http://hgdownload.cse.ucsc.edu/goldenPath/hg19/encodeDCC/wgEncodeUwTfbs/wgEncodeUwTfbsK562CtcfStdRawDataRep2.fastq.gz
http://hgdownload.cse.ucsc.edu/goldenPath/hg19/encodeDCC/wgEncodeUwTfbs/wgEncodeUwTfbsK562InputStdRawDataRep1.fastq.gz
